// Jest Snapshot v1, https://goo.gl/fbAQLP

exports[`<LoginPage /> Should render and match the snapshot 1`] = `
<div>
  <span>
    This is the LoginPage container!
  </span>
</div>
`;
